Archive member included because of file (symbol)

c:/winavr-20100110/bin/../lib/gcc/avr/4.3.3/avr25\libgcc.a(_exit.o)
                              c:/winavr-20100110/bin/../lib/gcc/avr/4.3.3/../../../../avr/lib/avr25/crttn13a.o (exit)
c:/winavr-20100110/bin/../lib/gcc/avr/4.3.3/avr25\libgcc.a(_copy_data.o)
                              christmas.o (__do_copy_data)
c:/winavr-20100110/bin/../lib/gcc/avr/4.3.3/avr25\libgcc.a(_fixunssfsi.o)
                              christmas.o (__fixunssfsi)
c:/winavr-20100110/bin/../lib/gcc/avr/4.3.3/avr25\libgcc.a(_addsub_sf.o)
                              christmas.o (__subsf3)
c:/winavr-20100110/bin/../lib/gcc/avr/4.3.3/avr25\libgcc.a(_mul_sf.o)
                              christmas.o (__mulsf3)
c:/winavr-20100110/bin/../lib/gcc/avr/4.3.3/avr25\libgcc.a(_gt_sf.o)
                              christmas.o (__gtsf2)
c:/winavr-20100110/bin/../lib/gcc/avr/4.3.3/avr25\libgcc.a(_ge_sf.o)
                              c:/winavr-20100110/bin/../lib/gcc/avr/4.3.3/avr25\libgcc.a(_fixunssfsi.o) (__gesf2)
c:/winavr-20100110/bin/../lib/gcc/avr/4.3.3/avr25\libgcc.a(_lt_sf.o)
                              christmas.o (__ltsf2)
c:/winavr-20100110/bin/../lib/gcc/avr/4.3.3/avr25\libgcc.a(_sf_to_si.o)
                              c:/winavr-20100110/bin/../lib/gcc/avr/4.3.3/avr25\libgcc.a(_fixunssfsi.o) (__fixsfsi)
c:/winavr-20100110/bin/../lib/gcc/avr/4.3.3/avr25\libgcc.a(_thenan_sf.o)
                              c:/winavr-20100110/bin/../lib/gcc/avr/4.3.3/avr25\libgcc.a(_addsub_sf.o) (__thenan_sf)
c:/winavr-20100110/bin/../lib/gcc/avr/4.3.3/avr25\libgcc.a(_prologue.o)
                              c:/winavr-20100110/bin/../lib/gcc/avr/4.3.3/avr25\libgcc.a(_addsub_sf.o) (__prologue_saves__)
c:/winavr-20100110/bin/../lib/gcc/avr/4.3.3/avr25\libgcc.a(_epilogue.o)
                              c:/winavr-20100110/bin/../lib/gcc/avr/4.3.3/avr25\libgcc.a(_addsub_sf.o) (__epilogue_restores__)
c:/winavr-20100110/bin/../lib/gcc/avr/4.3.3/avr25\libgcc.a(_pack_sf.o)
                              c:/winavr-20100110/bin/../lib/gcc/avr/4.3.3/avr25\libgcc.a(_addsub_sf.o) (__pack_f)
c:/winavr-20100110/bin/../lib/gcc/avr/4.3.3/avr25\libgcc.a(_unpack_sf.o)
                              c:/winavr-20100110/bin/../lib/gcc/avr/4.3.3/avr25\libgcc.a(_addsub_sf.o) (__unpack_f)
c:/winavr-20100110/bin/../lib/gcc/avr/4.3.3/avr25\libgcc.a(_fpcmp_parts_sf.o)
                              c:/winavr-20100110/bin/../lib/gcc/avr/4.3.3/avr25\libgcc.a(_gt_sf.o) (__fpcmp_parts_f)

Memory Configuration

Name             Origin             Length             Attributes
text             0x00000000         0x00002000         xr
data             0x00800060         0x0000ffa0         rw !x
eeprom           0x00810000         0x00010000         rw !x
fuse             0x00820000         0x00000400         rw !x
lock             0x00830000         0x00000400         rw !x
signature        0x00840000         0x00000400         rw !x
*default*        0x00000000         0xffffffff

Linker script and memory map

LOAD c:/winavr-20100110/bin/../lib/gcc/avr/4.3.3/../../../../avr/lib/avr25/crttn13a.o
LOAD christmas.o
LOAD c:/winavr-20100110/bin/../lib/gcc/avr/4.3.3/avr25\libgcc.a
LOAD c:/winavr-20100110/bin/../lib/gcc/avr/4.3.3/../../../../avr/lib/avr25\libc.a
LOAD c:/winavr-20100110/bin/../lib/gcc/avr/4.3.3/avr25\libgcc.a

.hash
 *(.hash)

.dynsym
 *(.dynsym)

.dynstr
 *(.dynstr)

.gnu.version
 *(.gnu.version)

.gnu.version_d
 *(.gnu.version_d)

.gnu.version_r
 *(.gnu.version_r)

.rel.init
 *(.rel.init)

.rela.init
 *(.rela.init)

.rel.text
 *(.rel.text)
 *(.rel.text.*)
 *(.rel.gnu.linkonce.t*)

.rela.text
 *(.rela.text)
 *(.rela.text.*)
 *(.rela.gnu.linkonce.t*)

.rel.fini
 *(.rel.fini)

.rela.fini
 *(.rela.fini)

.rel.rodata
 *(.rel.rodata)
 *(.rel.rodata.*)
 *(.rel.gnu.linkonce.r*)

.rela.rodata
 *(.rela.rodata)
 *(.rela.rodata.*)
 *(.rela.gnu.linkonce.r*)

.rel.data
 *(.rel.data)
 *(.rel.data.*)
 *(.rel.gnu.linkonce.d*)

.rela.data
 *(.rela.data)
 *(.rela.data.*)
 *(.rela.gnu.linkonce.d*)

.rel.ctors
 *(.rel.ctors)

.rela.ctors
 *(.rela.ctors)

.rel.dtors
 *(.rel.dtors)

.rela.dtors
 *(.rela.dtors)

.rel.got
 *(.rel.got)

.rela.got
 *(.rela.got)

.rel.bss
 *(.rel.bss)

.rela.bss
 *(.rela.bss)

.rel.plt
 *(.rel.plt)

.rela.plt
 *(.rela.plt)

.text           0x00000000      0xc82
 *(.vectors)
 .vectors       0x00000000       0x14 c:/winavr-20100110/bin/../lib/gcc/avr/4.3.3/../../../../avr/lib/avr25/crttn13a.o
                0x00000000                __vectors
                0x00000000                __vector_default
 *(.vectors)
 *(.progmem.gcc*)
 *(.progmem*)
                0x00000014                . = ALIGN (0x2)
                0x00000014                __trampolines_start = .
 *(.trampolines)
 .trampolines   0x00000014        0x0 linker stubs
 *(.trampolines*)
                0x00000014                __trampolines_end = .
 *(.jumptables)
 *(.jumptables*)
 *(.lowtext)
 *(.lowtext*)
                0x00000014                __ctors_start = .
 *(.ctors)
                0x00000014                __ctors_end = .
                0x00000014                __dtors_start = .
 *(.dtors)
                0x00000014                __dtors_end = .
 SORT(*)(.ctors)
 SORT(*)(.dtors)
 *(.init0)
 .init0         0x00000014        0x0 c:/winavr-20100110/bin/../lib/gcc/avr/4.3.3/../../../../avr/lib/avr25/crttn13a.o
                0x00000014                __init
 *(.init0)
 *(.init1)
 *(.init1)
 *(.init2)
 .init2         0x00000014        0x8 c:/winavr-20100110/bin/../lib/gcc/avr/4.3.3/../../../../avr/lib/avr25/crttn13a.o
 *(.init2)
 *(.init3)
 *(.init3)
 *(.init4)
 .init4         0x0000001c       0x16 c:/winavr-20100110/bin/../lib/gcc/avr/4.3.3/avr25\libgcc.a(_copy_data.o)
                0x0000001c                __do_copy_data
 *(.init4)
 *(.init5)
 *(.init5)
 *(.init6)
 *(.init6)
 *(.init7)
 *(.init7)
 *(.init8)
 *(.init8)
 *(.init9)
 .init9         0x00000032        0x4 c:/winavr-20100110/bin/../lib/gcc/avr/4.3.3/../../../../avr/lib/avr25/crttn13a.o
 *(.init9)
 *(.text)
 .text          0x00000036        0x2 c:/winavr-20100110/bin/../lib/gcc/avr/4.3.3/../../../../avr/lib/avr25/crttn13a.o
                0x00000036                __vector_1
                0x00000036                __bad_interrupt
                0x00000036                __vector_6
                0x00000036                __vector_3
                0x00000036                __vector_7
                0x00000036                __vector_5
                0x00000036                __vector_4
                0x00000036                __vector_9
                0x00000036                __vector_2
                0x00000036                __vector_8
 .text          0x00000038      0x176 christmas.o
                0x00000038                main
 .text          0x000001ae        0x0 c:/winavr-20100110/bin/../lib/gcc/avr/4.3.3/avr25\libgcc.a(_exit.o)
 .text          0x000001ae        0x0 c:/winavr-20100110/bin/../lib/gcc/avr/4.3.3/avr25\libgcc.a(_copy_data.o)
 .text          0x000001ae       0x50 c:/winavr-20100110/bin/../lib/gcc/avr/4.3.3/avr25\libgcc.a(_fixunssfsi.o)
                0x000001ae                __fixunssfsi
 .text          0x000001fe      0x338 c:/winavr-20100110/bin/../lib/gcc/avr/4.3.3/avr25\libgcc.a(_addsub_sf.o)
                0x00000492                __subsf3
                0x000004e8                __addsf3
 .text          0x00000536      0x1ea c:/winavr-20100110/bin/../lib/gcc/avr/4.3.3/avr25\libgcc.a(_mul_sf.o)
                0x00000536                __mulsf3
 .text          0x00000720       0x56 c:/winavr-20100110/bin/../lib/gcc/avr/4.3.3/avr25\libgcc.a(_gt_sf.o)
                0x00000720                __gtsf2
 .text          0x00000776       0x56 c:/winavr-20100110/bin/../lib/gcc/avr/4.3.3/avr25\libgcc.a(_ge_sf.o)
                0x00000776                __gesf2
 .text          0x000007cc       0x56 c:/winavr-20100110/bin/../lib/gcc/avr/4.3.3/avr25\libgcc.a(_lt_sf.o)
                0x000007cc                __ltsf2
 .text          0x00000822       0xa2 c:/winavr-20100110/bin/../lib/gcc/avr/4.3.3/avr25\libgcc.a(_sf_to_si.o)
                0x00000822                __fixsfsi
 .text          0x000008c4        0x0 c:/winavr-20100110/bin/../lib/gcc/avr/4.3.3/avr25\libgcc.a(_thenan_sf.o)
 .text          0x000008c4        0x0 c:/winavr-20100110/bin/../lib/gcc/avr/4.3.3/avr25\libgcc.a(_prologue.o)
 .text          0x000008c4        0x0 c:/winavr-20100110/bin/../lib/gcc/avr/4.3.3/avr25\libgcc.a(_epilogue.o)
 .text          0x000008c4      0x1aa c:/winavr-20100110/bin/../lib/gcc/avr/4.3.3/avr25\libgcc.a(_pack_sf.o)
                0x000008c4                __pack_f
 .text          0x00000a6e       0xf0 c:/winavr-20100110/bin/../lib/gcc/avr/4.3.3/avr25\libgcc.a(_unpack_sf.o)
                0x00000a6e                __unpack_f
 .text          0x00000b5e       0xb2 c:/winavr-20100110/bin/../lib/gcc/avr/4.3.3/avr25\libgcc.a(_fpcmp_parts_sf.o)
                0x00000b5e                __fpcmp_parts_f
                0x00000c10                . = ALIGN (0x2)
 *(.text.*)
 .text.libgcc   0x00000c10        0x0 c:/winavr-20100110/bin/../lib/gcc/avr/4.3.3/avr25\libgcc.a(_exit.o)
 .text.libgcc   0x00000c10        0x0 c:/winavr-20100110/bin/../lib/gcc/avr/4.3.3/avr25\libgcc.a(_copy_data.o)
 .text.libgcc   0x00000c10       0x38 c:/winavr-20100110/bin/../lib/gcc/avr/4.3.3/avr25\libgcc.a(_prologue.o)
                0x00000c10                __prologue_saves__
 .text.libgcc   0x00000c48       0x36 c:/winavr-20100110/bin/../lib/gcc/avr/4.3.3/avr25\libgcc.a(_epilogue.o)
                0x00000c48                __epilogue_restores__
                0x00000c7e                . = ALIGN (0x2)
 *(.fini9)
 .fini9         0x00000c7e        0x0 c:/winavr-20100110/bin/../lib/gcc/avr/4.3.3/avr25\libgcc.a(_exit.o)
                0x00000c7e                exit
                0x00000c7e                _exit
 *(.fini9)
 *(.fini8)
 *(.fini8)
 *(.fini7)
 *(.fini7)
 *(.fini6)
 *(.fini6)
 *(.fini5)
 *(.fini5)
 *(.fini4)
 *(.fini4)
 *(.fini3)
 *(.fini3)
 *(.fini2)
 *(.fini2)
 *(.fini1)
 *(.fini1)
 *(.fini0)
 .fini0         0x00000c7e        0x4 c:/winavr-20100110/bin/../lib/gcc/avr/4.3.3/avr25\libgcc.a(_exit.o)
 *(.fini0)
                0x00000c82                _etext = .

.data           0x00800060       0x10 load address 0x00000c82
                0x00800060                PROVIDE (__data_start, .)
 *(.data)
 .data          0x00800060        0x0 c:/winavr-20100110/bin/../lib/gcc/avr/4.3.3/../../../../avr/lib/avr25/crttn13a.o
 .data          0x00800060        0x8 christmas.o
 .data          0x00800068        0x0 c:/winavr-20100110/bin/../lib/gcc/avr/4.3.3/avr25\libgcc.a(_exit.o)
 .data          0x00800068        0x0 c:/winavr-20100110/bin/../lib/gcc/avr/4.3.3/avr25\libgcc.a(_copy_data.o)
 .data          0x00800068        0x0 c:/winavr-20100110/bin/../lib/gcc/avr/4.3.3/avr25\libgcc.a(_fixunssfsi.o)
 .data          0x00800068        0x0 c:/winavr-20100110/bin/../lib/gcc/avr/4.3.3/avr25\libgcc.a(_addsub_sf.o)
 .data          0x00800068        0x0 c:/winavr-20100110/bin/../lib/gcc/avr/4.3.3/avr25\libgcc.a(_mul_sf.o)
 .data          0x00800068        0x0 c:/winavr-20100110/bin/../lib/gcc/avr/4.3.3/avr25\libgcc.a(_gt_sf.o)
 .data          0x00800068        0x0 c:/winavr-20100110/bin/../lib/gcc/avr/4.3.3/avr25\libgcc.a(_ge_sf.o)
 .data          0x00800068        0x0 c:/winavr-20100110/bin/../lib/gcc/avr/4.3.3/avr25\libgcc.a(_lt_sf.o)
 .data          0x00800068        0x0 c:/winavr-20100110/bin/../lib/gcc/avr/4.3.3/avr25\libgcc.a(_sf_to_si.o)
 .data          0x00800068        0x8 c:/winavr-20100110/bin/../lib/gcc/avr/4.3.3/avr25\libgcc.a(_thenan_sf.o)
                0x00800068                __thenan_sf
 .data          0x00800070        0x0 c:/winavr-20100110/bin/../lib/gcc/avr/4.3.3/avr25\libgcc.a(_prologue.o)
 .data          0x00800070        0x0 c:/winavr-20100110/bin/../lib/gcc/avr/4.3.3/avr25\libgcc.a(_epilogue.o)
 .data          0x00800070        0x0 c:/winavr-20100110/bin/../lib/gcc/avr/4.3.3/avr25\libgcc.a(_pack_sf.o)
 .data          0x00800070        0x0 c:/winavr-20100110/bin/../lib/gcc/avr/4.3.3/avr25\libgcc.a(_unpack_sf.o)
 .data          0x00800070        0x0 c:/winavr-20100110/bin/../lib/gcc/avr/4.3.3/avr25\libgcc.a(_fpcmp_parts_sf.o)
 *(.data*)
 *(.rodata)
 *(.rodata*)
 *(.gnu.linkonce.d*)
                0x00800070                . = ALIGN (0x2)
                0x00800070                _edata = .
                0x00800070                PROVIDE (__data_end, .)

.bss            0x00800070        0x0
                0x00800070                PROVIDE (__bss_start, .)
 *(.bss)
 .bss           0x00800070        0x0 c:/winavr-20100110/bin/../lib/gcc/avr/4.3.3/../../../../avr/lib/avr25/crttn13a.o
 .bss           0x00800070        0x0 christmas.o
 .bss           0x00800070        0x0 c:/winavr-20100110/bin/../lib/gcc/avr/4.3.3/avr25\libgcc.a(_exit.o)
 .bss           0x00800070        0x0 c:/winavr-20100110/bin/../lib/gcc/avr/4.3.3/avr25\libgcc.a(_copy_data.o)
 .bss           0x00800070        0x0 c:/winavr-20100110/bin/../lib/gcc/avr/4.3.3/avr25\libgcc.a(_fixunssfsi.o)
 .bss           0x00800070        0x0 c:/winavr-20100110/bin/../lib/gcc/avr/4.3.3/avr25\libgcc.a(_addsub_sf.o)
 .bss           0x00800070        0x0 c:/winavr-20100110/bin/../lib/gcc/avr/4.3.3/avr25\libgcc.a(_mul_sf.o)
 .bss           0x00800070        0x0 c:/winavr-20100110/bin/../lib/gcc/avr/4.3.3/avr25\libgcc.a(_gt_sf.o)
 .bss           0x00800070        0x0 c:/winavr-20100110/bin/../lib/gcc/avr/4.3.3/avr25\libgcc.a(_ge_sf.o)
 .bss           0x00800070        0x0 c:/winavr-20100110/bin/../lib/gcc/avr/4.3.3/avr25\libgcc.a(_lt_sf.o)
 .bss           0x00800070        0x0 c:/winavr-20100110/bin/../lib/gcc/avr/4.3.3/avr25\libgcc.a(_sf_to_si.o)
 .bss           0x00800070        0x0 c:/winavr-20100110/bin/../lib/gcc/avr/4.3.3/avr25\libgcc.a(_thenan_sf.o)
 .bss           0x00800070        0x0 c:/winavr-20100110/bin/../lib/gcc/avr/4.3.3/avr25\libgcc.a(_prologue.o)
 .bss           0x00800070        0x0 c:/winavr-20100110/bin/../lib/gcc/avr/4.3.3/avr25\libgcc.a(_epilogue.o)
 .bss           0x00800070        0x0 c:/winavr-20100110/bin/../lib/gcc/avr/4.3.3/avr25\libgcc.a(_pack_sf.o)
 .bss           0x00800070        0x0 c:/winavr-20100110/bin/../lib/gcc/avr/4.3.3/avr25\libgcc.a(_unpack_sf.o)
 .bss           0x00800070        0x0 c:/winavr-20100110/bin/../lib/gcc/avr/4.3.3/avr25\libgcc.a(_fpcmp_parts_sf.o)
 *(.bss*)
 *(COMMON)
                0x00800070                PROVIDE (__bss_end, .)
                0x00000c82                __data_load_start = LOADADDR (.data)
                0x00000c92                __data_load_end = (__data_load_start + SIZEOF (.data))

.noinit         0x00800070        0x0
                0x00800070                PROVIDE (__noinit_start, .)
 *(.noinit*)
                0x00800070                PROVIDE (__noinit_end, .)
                0x00800070                _end = .
                0x00800070                PROVIDE (__heap_start, .)

.eeprom         0x00810000        0x0
 *(.eeprom*)
                0x00810000                __eeprom_end = .

.fuse
 *(.fuse)
 *(.lfuse)
 *(.hfuse)
 *(.efuse)

.lock
 *(.lock*)

.signature
 *(.signature*)

.stab
 *(.stab)

.stabstr
 *(.stabstr)

.stab.excl
 *(.stab.excl)

.stab.exclstr
 *(.stab.exclstr)

.stab.index
 *(.stab.index)

.stab.indexstr
 *(.stab.indexstr)

.comment
 *(.comment)

.debug
 *(.debug)

.line
 *(.line)

.debug_srcinfo
 *(.debug_srcinfo)

.debug_sfnames
 *(.debug_sfnames)

.debug_aranges  0x00000000      0x160
 *(.debug_aranges)
 .debug_aranges
                0x00000000       0x20 christmas.o
 .debug_aranges
                0x00000020       0x20 c:/winavr-20100110/bin/../lib/gcc/avr/4.3.3/avr25\libgcc.a(_fixunssfsi.o)
 .debug_aranges
                0x00000040       0x20 c:/winavr-20100110/bin/../lib/gcc/avr/4.3.3/avr25\libgcc.a(_addsub_sf.o)
 .debug_aranges
                0x00000060       0x20 c:/winavr-20100110/bin/../lib/gcc/avr/4.3.3/avr25\libgcc.a(_mul_sf.o)
 .debug_aranges
                0x00000080       0x20 c:/winavr-20100110/bin/../lib/gcc/avr/4.3.3/avr25\libgcc.a(_gt_sf.o)
 .debug_aranges
                0x000000a0       0x20 c:/winavr-20100110/bin/../lib/gcc/avr/4.3.3/avr25\libgcc.a(_ge_sf.o)
 .debug_aranges
                0x000000c0       0x20 c:/winavr-20100110/bin/../lib/gcc/avr/4.3.3/avr25\libgcc.a(_lt_sf.o)
 .debug_aranges
                0x000000e0       0x20 c:/winavr-20100110/bin/../lib/gcc/avr/4.3.3/avr25\libgcc.a(_sf_to_si.o)
 .debug_aranges
                0x00000100       0x20 c:/winavr-20100110/bin/../lib/gcc/avr/4.3.3/avr25\libgcc.a(_pack_sf.o)
 .debug_aranges
                0x00000120       0x20 c:/winavr-20100110/bin/../lib/gcc/avr/4.3.3/avr25\libgcc.a(_unpack_sf.o)
 .debug_aranges
                0x00000140       0x20 c:/winavr-20100110/bin/../lib/gcc/avr/4.3.3/avr25\libgcc.a(_fpcmp_parts_sf.o)

.debug_pubnames
                0x00000000      0x18b
 *(.debug_pubnames)
 .debug_pubnames
                0x00000000       0x1b christmas.o
 .debug_pubnames
                0x0000001b       0x23 c:/winavr-20100110/bin/../lib/gcc/avr/4.3.3/avr25\libgcc.a(_fixunssfsi.o)
 .debug_pubnames
                0x0000003e       0x2c c:/winavr-20100110/bin/../lib/gcc/avr/4.3.3/avr25\libgcc.a(_addsub_sf.o)
 .debug_pubnames
                0x0000006a       0x1f c:/winavr-20100110/bin/../lib/gcc/avr/4.3.3/avr25\libgcc.a(_mul_sf.o)
 .debug_pubnames
                0x00000089       0x1e c:/winavr-20100110/bin/../lib/gcc/avr/4.3.3/avr25\libgcc.a(_gt_sf.o)
 .debug_pubnames
                0x000000a7       0x1e c:/winavr-20100110/bin/../lib/gcc/avr/4.3.3/avr25\libgcc.a(_ge_sf.o)
 .debug_pubnames
                0x000000c5       0x1e c:/winavr-20100110/bin/../lib/gcc/avr/4.3.3/avr25\libgcc.a(_lt_sf.o)
 .debug_pubnames
                0x000000e3       0x20 c:/winavr-20100110/bin/../lib/gcc/avr/4.3.3/avr25\libgcc.a(_sf_to_si.o)
 .debug_pubnames
                0x00000103       0x22 c:/winavr-20100110/bin/../lib/gcc/avr/4.3.3/avr25\libgcc.a(_thenan_sf.o)
 .debug_pubnames
                0x00000125       0x1f c:/winavr-20100110/bin/../lib/gcc/avr/4.3.3/avr25\libgcc.a(_pack_sf.o)
 .debug_pubnames
                0x00000144       0x21 c:/winavr-20100110/bin/../lib/gcc/avr/4.3.3/avr25\libgcc.a(_unpack_sf.o)
 .debug_pubnames
                0x00000165       0x26 c:/winavr-20100110/bin/../lib/gcc/avr/4.3.3/avr25\libgcc.a(_fpcmp_parts_sf.o)

.debug_info     0x00000000     0x1e35
 *(.debug_info)
 .debug_info    0x00000000      0x1ec christmas.o
 .debug_info    0x000001ec       0xb1 c:/winavr-20100110/bin/../lib/gcc/avr/4.3.3/avr25\libgcc.a(_fixunssfsi.o)
 .debug_info    0x0000029d      0x47a c:/winavr-20100110/bin/../lib/gcc/avr/4.3.3/avr25\libgcc.a(_addsub_sf.o)
 .debug_info    0x00000717      0x485 c:/winavr-20100110/bin/../lib/gcc/avr/4.3.3/avr25\libgcc.a(_mul_sf.o)
 .debug_info    0x00000b9c      0x27f c:/winavr-20100110/bin/../lib/gcc/avr/4.3.3/avr25\libgcc.a(_gt_sf.o)
 .debug_info    0x00000e1b      0x27f c:/winavr-20100110/bin/../lib/gcc/avr/4.3.3/avr25\libgcc.a(_ge_sf.o)
 .debug_info    0x0000109a      0x27f c:/winavr-20100110/bin/../lib/gcc/avr/4.3.3/avr25\libgcc.a(_lt_sf.o)
 .debug_info    0x00001319      0x2b0 c:/winavr-20100110/bin/../lib/gcc/avr/4.3.3/avr25\libgcc.a(_sf_to_si.o)
 .debug_info    0x000015c9      0x12c c:/winavr-20100110/bin/../lib/gcc/avr/4.3.3/avr25\libgcc.a(_thenan_sf.o)
 .debug_info    0x000016f5      0x2df c:/winavr-20100110/bin/../lib/gcc/avr/4.3.3/avr25\libgcc.a(_pack_sf.o)
 .debug_info    0x000019d4      0x251 c:/winavr-20100110/bin/../lib/gcc/avr/4.3.3/avr25\libgcc.a(_unpack_sf.o)
 .debug_info    0x00001c25      0x210 c:/winavr-20100110/bin/../lib/gcc/avr/4.3.3/avr25\libgcc.a(_fpcmp_parts_sf.o)
 *(.gnu.linkonce.wi.*)

.debug_abbrev   0x00000000     0x1001
 *(.debug_abbrev)
 .debug_abbrev  0x00000000      0x116 christmas.o
 .debug_abbrev  0x00000116       0x5d c:/winavr-20100110/bin/../lib/gcc/avr/4.3.3/avr25\libgcc.a(_fixunssfsi.o)
 .debug_abbrev  0x00000173      0x1ea c:/winavr-20100110/bin/../lib/gcc/avr/4.3.3/avr25\libgcc.a(_addsub_sf.o)
 .debug_abbrev  0x0000035d      0x21b c:/winavr-20100110/bin/../lib/gcc/avr/4.3.3/avr25\libgcc.a(_mul_sf.o)
 .debug_abbrev  0x00000578      0x15a c:/winavr-20100110/bin/../lib/gcc/avr/4.3.3/avr25\libgcc.a(_gt_sf.o)
 .debug_abbrev  0x000006d2      0x15a c:/winavr-20100110/bin/../lib/gcc/avr/4.3.3/avr25\libgcc.a(_ge_sf.o)
 .debug_abbrev  0x0000082c      0x15a c:/winavr-20100110/bin/../lib/gcc/avr/4.3.3/avr25\libgcc.a(_lt_sf.o)
 .debug_abbrev  0x00000986      0x17f c:/winavr-20100110/bin/../lib/gcc/avr/4.3.3/avr25\libgcc.a(_sf_to_si.o)
 .debug_abbrev  0x00000b05       0xad c:/winavr-20100110/bin/../lib/gcc/avr/4.3.3/avr25\libgcc.a(_thenan_sf.o)
 .debug_abbrev  0x00000bb2      0x1c0 c:/winavr-20100110/bin/../lib/gcc/avr/4.3.3/avr25\libgcc.a(_pack_sf.o)
 .debug_abbrev  0x00000d72      0x154 c:/winavr-20100110/bin/../lib/gcc/avr/4.3.3/avr25\libgcc.a(_unpack_sf.o)
 .debug_abbrev  0x00000ec6      0x13b c:/winavr-20100110/bin/../lib/gcc/avr/4.3.3/avr25\libgcc.a(_fpcmp_parts_sf.o)

.debug_line     0x00000000      0xfa7
 *(.debug_line)
 .debug_line    0x00000000      0x1fa christmas.o
 .debug_line    0x000001fa       0xa7 c:/winavr-20100110/bin/../lib/gcc/avr/4.3.3/avr25\libgcc.a(_fixunssfsi.o)
 .debug_line    0x000002a1      0x2af c:/winavr-20100110/bin/../lib/gcc/avr/4.3.3/avr25\libgcc.a(_addsub_sf.o)
 .debug_line    0x00000550      0x239 c:/winavr-20100110/bin/../lib/gcc/avr/4.3.3/avr25\libgcc.a(_mul_sf.o)
 .debug_line    0x00000789       0xd3 c:/winavr-20100110/bin/../lib/gcc/avr/4.3.3/avr25\libgcc.a(_gt_sf.o)
 .debug_line    0x0000085c       0xd3 c:/winavr-20100110/bin/../lib/gcc/avr/4.3.3/avr25\libgcc.a(_ge_sf.o)
 .debug_line    0x0000092f       0xd3 c:/winavr-20100110/bin/../lib/gcc/avr/4.3.3/avr25\libgcc.a(_lt_sf.o)
 .debug_line    0x00000a02      0x109 c:/winavr-20100110/bin/../lib/gcc/avr/4.3.3/avr25\libgcc.a(_sf_to_si.o)
 .debug_line    0x00000b0b       0x90 c:/winavr-20100110/bin/../lib/gcc/avr/4.3.3/avr25\libgcc.a(_thenan_sf.o)
 .debug_line    0x00000b9b      0x18a c:/winavr-20100110/bin/../lib/gcc/avr/4.3.3/avr25\libgcc.a(_pack_sf.o)
 .debug_line    0x00000d25      0x14b c:/winavr-20100110/bin/../lib/gcc/avr/4.3.3/avr25\libgcc.a(_unpack_sf.o)
 .debug_line    0x00000e70      0x137 c:/winavr-20100110/bin/../lib/gcc/avr/4.3.3/avr25\libgcc.a(_fpcmp_parts_sf.o)

.debug_frame    0x00000000      0x180
 *(.debug_frame)
 .debug_frame   0x00000000       0x20 christmas.o
 .debug_frame   0x00000020       0x20 c:/winavr-20100110/bin/../lib/gcc/avr/4.3.3/avr25\libgcc.a(_fixunssfsi.o)
 .debug_frame   0x00000040       0x40 c:/winavr-20100110/bin/../lib/gcc/avr/4.3.3/avr25\libgcc.a(_addsub_sf.o)
 .debug_frame   0x00000080       0x20 c:/winavr-20100110/bin/../lib/gcc/avr/4.3.3/avr25\libgcc.a(_mul_sf.o)
 .debug_frame   0x000000a0       0x20 c:/winavr-20100110/bin/../lib/gcc/avr/4.3.3/avr25\libgcc.a(_gt_sf.o)
 .debug_frame   0x000000c0       0x20 c:/winavr-20100110/bin/../lib/gcc/avr/4.3.3/avr25\libgcc.a(_ge_sf.o)
 .debug_frame   0x000000e0       0x20 c:/winavr-20100110/bin/../lib/gcc/avr/4.3.3/avr25\libgcc.a(_lt_sf.o)
 .debug_frame   0x00000100       0x20 c:/winavr-20100110/bin/../lib/gcc/avr/4.3.3/avr25\libgcc.a(_sf_to_si.o)
 .debug_frame   0x00000120       0x20 c:/winavr-20100110/bin/../lib/gcc/avr/4.3.3/avr25\libgcc.a(_pack_sf.o)
 .debug_frame   0x00000140       0x20 c:/winavr-20100110/bin/../lib/gcc/avr/4.3.3/avr25\libgcc.a(_unpack_sf.o)
 .debug_frame   0x00000160       0x20 c:/winavr-20100110/bin/../lib/gcc/avr/4.3.3/avr25\libgcc.a(_fpcmp_parts_sf.o)

.debug_str      0x00000000      0x2fe
 *(.debug_str)
 .debug_str     0x00000000       0xaf christmas.o
                                 0xe9 (size before relaxing)
 .debug_str     0x000000af       0x81 c:/winavr-20100110/bin/../lib/gcc/avr/4.3.3/avr25\libgcc.a(_fixunssfsi.o)
                                 0xff (size before relaxing)
 .debug_str     0x00000130      0x14d c:/winavr-20100110/bin/../lib/gcc/avr/4.3.3/avr25\libgcc.a(_addsub_sf.o)
                                0x207 (size before relaxing)
 .debug_str     0x0000027d       0x27 c:/winavr-20100110/bin/../lib/gcc/avr/4.3.3/avr25\libgcc.a(_mul_sf.o)
                                0x1c0 (size before relaxing)
 .debug_str     0x000002a4        0xf c:/winavr-20100110/bin/../lib/gcc/avr/4.3.3/avr25\libgcc.a(_gt_sf.o)
                                0x196 (size before relaxing)
 .debug_str     0x000002b3        0x8 c:/winavr-20100110/bin/../lib/gcc/avr/4.3.3/avr25\libgcc.a(_ge_sf.o)
                                0x196 (size before relaxing)
 .debug_str     0x000002bb        0x8 c:/winavr-20100110/bin/../lib/gcc/avr/4.3.3/avr25\libgcc.a(_lt_sf.o)
                                0x196 (size before relaxing)
 .debug_str     0x000002c3        0xa c:/winavr-20100110/bin/../lib/gcc/avr/4.3.3/avr25\libgcc.a(_sf_to_si.o)
                                0x19f (size before relaxing)
 .debug_str     0x00000000      0x104 c:/winavr-20100110/bin/../lib/gcc/avr/4.3.3/avr25\libgcc.a(_thenan_sf.o)
 .debug_str     0x000002cd       0x16 c:/winavr-20100110/bin/../lib/gcc/avr/4.3.3/avr25\libgcc.a(_pack_sf.o)
                                0x19e (size before relaxing)
 .debug_str     0x000002e3        0xb c:/winavr-20100110/bin/../lib/gcc/avr/4.3.3/avr25\libgcc.a(_unpack_sf.o)
                                0x180 (size before relaxing)
 .debug_str     0x000002ee       0x10 c:/winavr-20100110/bin/../lib/gcc/avr/4.3.3/avr25\libgcc.a(_fpcmp_parts_sf.o)
                                0x164 (size before relaxing)

.debug_loc      0x00000000      0x8ec
 *(.debug_loc)
 .debug_loc     0x00000000      0x11e christmas.o
 .debug_loc     0x0000011e       0x34 c:/winavr-20100110/bin/../lib/gcc/avr/4.3.3/avr25\libgcc.a(_fixunssfsi.o)
 .debug_loc     0x00000152      0x32a c:/winavr-20100110/bin/../lib/gcc/avr/4.3.3/avr25\libgcc.a(_addsub_sf.o)
 .debug_loc     0x0000047c      0x104 c:/winavr-20100110/bin/../lib/gcc/avr/4.3.3/avr25\libgcc.a(_mul_sf.o)
 .debug_loc     0x00000580       0x3c c:/winavr-20100110/bin/../lib/gcc/avr/4.3.3/avr25\libgcc.a(_gt_sf.o)
 .debug_loc     0x000005bc       0x3c c:/winavr-20100110/bin/../lib/gcc/avr/4.3.3/avr25\libgcc.a(_ge_sf.o)
 .debug_loc     0x000005f8       0x3c c:/winavr-20100110/bin/../lib/gcc/avr/4.3.3/avr25\libgcc.a(_lt_sf.o)
 .debug_loc     0x00000634       0x7e c:/winavr-20100110/bin/../lib/gcc/avr/4.3.3/avr25\libgcc.a(_sf_to_si.o)
 .debug_loc     0x000006b2      0x13e c:/winavr-20100110/bin/../lib/gcc/avr/4.3.3/avr25\libgcc.a(_pack_sf.o)
 .debug_loc     0x000007f0       0xac c:/winavr-20100110/bin/../lib/gcc/avr/4.3.3/avr25\libgcc.a(_unpack_sf.o)
 .debug_loc     0x0000089c       0x50 c:/winavr-20100110/bin/../lib/gcc/avr/4.3.3/avr25\libgcc.a(_fpcmp_parts_sf.o)

.debug_macinfo
 *(.debug_macinfo)
OUTPUT(christmas.elf elf32-avr)
LOAD linker stubs

.debug_ranges   0x00000000       0x98
 .debug_ranges  0x00000000       0x48 christmas.o
 .debug_ranges  0x00000048       0x50 c:/winavr-20100110/bin/../lib/gcc/avr/4.3.3/avr25\libgcc.a(_mul_sf.o)
